// Jest Snapshot v1, https://goo.gl/fbAQLP

exports[`DraggableControl Component should render without crashing 1`] = `
Object {
  "asFragment": [Function],
  "baseElement": <body>
    <div>
      <div
        class="sc-eggNIi foBzdd"
      >
        <div>
          <form>
            <label
              for="checkbox"
            >
              <div
                class="sc-bBrOnJ jzNVSf"
              >
                <input
                  class="sc-cTkwdZ husymC"
                  id="checkbox"
                  type="checkbox"
                />
                <div
                  class="sc-dOSReg fCWMZY"
                >
                  <svg
                    class="sc-jNMdTA hmbXfa"
                    viewBox="0 0 24 24"
                  >
                    <polyline
                      points="20 6 9 17 4 12"
                    />
                  </svg>
                </div>
              </div>
              <span>
                Filtrar mientras te mueves en el mapa
              </span>
            </label>
          </form>
        </div>
      </div>
    </div>
  </body>,
  "container": <div>
    <div
      class="sc-eggNIi foBzdd"
    >
      <div>
        <form>
          <label
            for="checkbox"
          >
            <div
              class="sc-bBrOnJ jzNVSf"
            >
              <input
                class="sc-cTkwdZ husymC"
                id="checkbox"
                type="checkbox"
              />
              <div
                class="sc-dOSReg fCWMZY"
              >
                <svg
                  class="sc-jNMdTA hmbXfa"
                  viewBox="0 0 24 24"
                >
                  <polyline
                    points="20 6 9 17 4 12"
                  />
                </svg>
              </div>
            </div>
            <span>
              Filtrar mientras te mueves en el mapa
            </span>
          </label>
        </form>
      </div>
    </div>
  </div>,
  "debug": [Function],
  "findAllByAltText": [Function],
  "findAllByDisplayValue": [Function],
  "findAllByLabelText": [Function],
  "findAllByPlaceholderText": [Function],
  "findAllByRole": [Function],
  "findAllByTestId": [Function],
  "findAllByText": [Function],
  "findAllByTitle": [Function],
  "findByAltText": [Function],
  "findByDisplayValue": [Function],
  "findByLabelText": [Function],
  "findByPlaceholderText": [Function],
  "findByRole": [Function],
  "findByTestId": [Function],
  "findByText": [Function],
  "findByTitle": [Function],
  "getAllByAltText": [Function],
  "getAllByDisplayValue": [Function],
  "getAllByLabelText": [Function],
  "getAllByPlaceholderText": [Function],
  "getAllByRole": [Function],
  "getAllByTestId": [Function],
  "getAllByText": [Function],
  "getAllByTitle": [Function],
  "getByAltText": [Function],
  "getByDisplayValue": [Function],
  "getByLabelText": [Function],
  "getByPlaceholderText": [Function],
  "getByRole": [Function],
  "getByTestId": [Function],
  "getByText": [Function],
  "getByTitle": [Function],
  "queryAllByAltText": [Function],
  "queryAllByDisplayValue": [Function],
  "queryAllByLabelText": [Function],
  "queryAllByPlaceholderText": [Function],
  "queryAllByRole": [Function],
  "queryAllByTestId": [Function],
  "queryAllByText": [Function],
  "queryAllByTitle": [Function],
  "queryByAltText": [Function],
  "queryByDisplayValue": [Function],
  "queryByLabelText": [Function],
  "queryByPlaceholderText": [Function],
  "queryByRole": [Function],
  "queryByTestId": [Function],
  "queryByText": [Function],
  "queryByTitle": [Function],
  "rerender": [Function],
  "unmount": [Function],
}
`;
